2026-04-10T01:56:31.726Z INFO @wdio/cli:launcher: Run onPrepare hook

Execution of 1 workers started at 2026-04-10T01:56:31.727Z

2026-04-10T01:56:31.728Z INFO @wdio/utils: Setting up browser driver for: chrome@stable
2026-04-10T01:56:31.728Z INFO @wdio/utils: Setting up browser binaries for: chrome@stable
2026-04-10T01:56:31.730Z INFO webdriver: Using Chromedriver v147.0.7727.55 from cache directory C:\Users\kaleb\AppData\Local\Temp
2026-04-10T01:56:31.731Z INFO @wdio/cli:launcher: Run onWorkerStart hook
2026-04-10T01:56:31.731Z INFO @wdio/xvfb: XvfbManager.init() called
2026-04-10T01:56:31.731Z INFO @wdio/xvfb: Xvfb not needed on current platform
2026-04-10T01:56:31.732Z INFO @wdio/local-runner: Start worker 0-0 with arg: run wdio.conf.js --spec ./test/specs/_inspectAddTaskModal.js
2026-04-10T01:56:31.747Z INFO @wdio/xvfb:ProcessFactory: xvfb-run not found, falling back to regular fork
2026-04-10T01:56:31.747Z INFO @wdio/xvfb:ProcessFactory: ProcessFactory: shouldRun=false, isAvailable=false
2026-04-10T01:56:31.747Z INFO @wdio/xvfb:ProcessFactory: Creating worker process with regular fork
[0-0] 2026-04-10T01:56:32.557Z INFO @wdio/local-runner: Run worker command: run
node.exe : [0-0] 2026-04-10T01:56:32.684Z WARN @wdio/mocha-framework: Unable 
to load spec files quite likely because they rely on `browser` object that is 
not fully initialized.
At line:1 char:1
+ & "C:\Program Files\nodejs/node.exe" "C:\Users\kaleb\AppData\Roaming\ ...
+ ~~~~~~~~~~~~~~~~~~~~~~~~~~~~~~~~~~~~~~~~~~~~~~~~~~~~~~~~~~~~~~~~~~~~~
    + CategoryInfo          : NotSpecified: ([0-0] 2026-04-1...ly initialized. 
   :String) [], RemoteException
    + FullyQualifiedErrorId : NativeCommandError
 
[0-0] `browser` object has only `capabilities` and some flags like `isMobile`.
[0-0] Helper files that use other `browser` commands have to be moved to 
`before` hook.
[0-0] Spec file(s): 
file:///F:/theCaseWorkAutomationTestProject/test/specs/_inspectAddTaskModal.js
[0-0] Error: SyntaxError[ 
@F:\theCaseWorkAutomationTestProject\test\specs\_inspectAddTaskModal.js ]: 
Identifier 'expect' has already been declared
[0-0]     at compileSourceTextModule (node:internal/modules/esm/utils:318:16)
[0-0]     at ModuleLoader.moduleStrategy 
(node:internal/modules/esm/translators:99:18)
[0-0]     at #translate (node:internal/modules/esm/loader:473:20)
[0-0]     at afterLoad (node:internal/modules/esm/loader:529:29)
[0-0]     at ModuleLoader.loadAndTranslate 
(node:internal/modules/esm/loader:534:12)
[0-0]     at #getOrCreateModuleJobAfterResolve 
(node:internal/modules/esm/loader:577:36)
[0-0]     at afterResolve (node:internal/modules/esm/loader:625:52)
[0-0]     at ModuleLoader.getOrCreateModuleJob 
(node:internal/modules/esm/loader:631:12)
[0-0]     at onImport.tracePromise.__proto__ 
(node:internal/modules/esm/loader:650:32)
[0-0]     at TracingChannel.tracePromise (node:diagnostics_channel:350:14)
[0-0] RUNNING in chrome - file:///F:/theCaseWorkAutomationTestProject/test/specs/_inspectAddTaskModal.js
[0-0] 2026-04-10T01:56:32.686Z INFO webdriver: Initiate new session using the WebDriver protocol
[0-0] 2026-04-10T01:56:32.905Z INFO webdriver: Using Chromedriver v147.0.7727.55 from cache directory C:\Users\kaleb\AppData\Local\Temp
[0-0] 2026-04-10T01:56:32.922Z INFO chromedriver: Starting ChromeDriver 147.0.7727.55 (7dc2b8f6f651b42c0a8f3634c9feb5e0b6b25c91-refs/branch-heads/7727_49@{#5}) on port 58800
[0-0] 2026-04-10T01:56:32.922Z INFO chromedriver: Remote connections are allowed by an allowlist (0.0.0.0).
[0-0] 2026-04-10T01:56:32.922Z INFO chromedriver: Please see https://chromedriver.chromium.org/security-considerations for suggestions on keeping ChromeDriver safe.
[0-0] 2026-04-10T01:56:32.926Z INFO chromedriver: ChromeDriver was started successfully on port 58800.
[0-0] 2026-04-10T01:56:33.036Z INFO @wdio/utils: Started Chromedriver v147.0.7727.55 with params --port=58800 --allowed-origins=* --allowed-ips=0.0.0.0 in 137ms on port 58800
[0-0] 2026-04-10T01:56:33.038Z INFO webdriver: [POST] http://localhost:58800/session
[0-0] 2026-04-10T01:56:33.644Z INFO webdriver: Register BiDi handler for session with id 6320790f8b0a91a9b423cfc722f82c8d
[0-0] 2026-04-10T01:56:33.644Z INFO webdriver: Connecting to webSocketUrl ws://127.0.0.1:58800/session/6320790f8b0a91a9b423cfc722f82c8d
[0-0] 2026-04-10T01:56:33.654Z INFO webdriver: Connected to Bidi protocol at ws://127.0.0.1:58800/session/6320790f8b0a91a9b423cfc722f82c8d
[0-0] 2026-04-10T01:56:33.654Z INFO webdriver: Connected to WebDriver Bidi interface at ws://127.0.0.1:58800/session/6320790f8b0a91a9b423cfc722f82c8d
[0-0] 2026-04-10T01:56:33.655Z INFO webdriver: COMMAND getWindowHandle()
[0-0] 2026-04-10T01:56:33.656Z INFO webdriver: BIDI COMMAND browsingContext.getTree {}
[0-0] 2026-04-10T01:56:33.657Z INFO webdriver: BIDI COMMAND session.subscribe {"events":["browsingContext.contextCreated"]}
[0-0] 2026-04-10T01:56:33.657Z INFO webdriver: BIDI COMMAND session.subscribe {"events":["log.entryAdded","browsingContext.navigationStarted"]}
[0-0] 2026-04-10T01:56:33.657Z INFO webdriver: BIDI COMMAND script.addPreloadScript { functionDeclaration: <PreloadScript[1319 bytes]>, contexts: undefined }
[0-0] 2026-04-10T01:56:33.657Z INFO webdriver: BIDI COMMAND session.subscribe {"events":["browsingContext.navigationStarted","browsingContext.fragmentNavigated","network.responseCompleted","network.beforeRequestSent","network.fetchError"]}
[0-0] 2026-04-10T01:56:33.658Z INFO webdriver: BIDI COMMAND session.subscribe {"events":["browsingContext.userPromptOpened"]}
[0-0] 2026-04-10T01:56:33.658Z INFO webdriver: BIDI COMMAND session.subscribe {"events":["browsingContext.navigationStarted"]}
[0-0] 2026-04-10T01:56:33.658Z INFO webdriver: [GET] http://localhost:58800/session/6320790f8b0a91a9b423cfc722f82c8d/window
[0-0] 2026-04-10T01:56:33.662Z INFO webdriver: RESULT DD97489F5984234AFA06DA38C1DBDA70
[0-0] 2026-04-10T01:56:33.664Z INFO webdriver: BIDI RESULT {"id":1,"result":{"contexts":[{"children":[],"clientWindow":"102995377","context":"DD97489F5984234AFA06DA38C1DBDA70","originalOpener":null,"parent":null,"url":"about:blank","userContext":"default"}]},"type":"success"}
[0-0] 2026-04-10T01:56:33.664Z INFO webdriverio:PolyfillManager: Adding polyfill script to context with id DD97489F5984234AFA06DA38C1DBDA70
[0-0] 2026-04-10T01:56:33.664Z INFO webdriver: BIDI COMMAND script.callFunction {"functionDeclaration":"<Function[443 bytes] webdriverioPolyfill>","target":{"children":[],"clientWindow":"102995377","context":"DD97489F5984234AFA06DA38C1DBDA70","originalOpener":null,"parent":null,"url":"about:blank","userContext":"default"},"awaitPromise":false}
[0-0] 2026-04-10T01:56:33.664Z INFO webdriver: BIDI COMMAND script.addPreloadScript { functionDeclaration: <PreloadScript[443 bytes]>, contexts: ["DD97489F5984234AFA06DA38C1DBDA70"] }
[0-0] 2026-04-10T01:56:33.665Z INFO webdriver: BIDI RESULT {"id":2,"result":{"subscription":"2aaffeb0-cd98-4cc3-95e7-5b1b114f70c9"},"type":"success"}
[0-0] 2026-04-10T01:56:33.665Z INFO webdriver: BIDI RESULT {"id":3,"result":{"subscription":"437c9a89-419a-4627-95b9-3a008bfbb76b"},"type":"success"}
[0-0] 2026-04-10T01:56:33.666Z INFO webdriver: BIDI RESULT {"id":4,"result":{"script":"b44f30e7-162f-4424-bd86-07d0f9304042"},"type":"success"}
[0-0] 2026-04-10T01:56:33.666Z INFO webdriver: BIDI RESULT {"id":5,"result":{"subscription":"fc71079b-3235-4499-900b-14a0d673a4b1"},"type":"success"}
[0-0] 2026-04-10T01:56:33.666Z INFO webdriver: BIDI RESULT {"id":6,"result":{"subscription":"4690e089-079e-4692-81ce-2e28d32df92e"},"type":"success"}
[0-0] 2026-04-10T01:56:33.667Z INFO webdriver: BIDI RESULT {"id":7,"result":{"subscription":"62941624-2076-4d5c-9d9c-1423001eedfe"},"type":"success"}
[0-0] 2026-04-10T01:56:33.668Z INFO webdriver: BIDI RESULT {"id":8,"result":{"realm":"1870214840264387198.3377978362763151100","result":{"type":"undefined"},"type":"success"},"type":"success"}
[0-0] 2026-04-10T01:56:33.669Z INFO webdriver: BIDI RESULT {"id":9,"result":{"script":"ed25d38e-4464-4c83-b689-295a57e77f18"},"type":"success"}
[0-0] 2026-04-10T01:56:33.671Z ERROR @wdio/runner: Error: Unable to load spec 
files quite likely because they rely on `browser` object that is not fully 
initialized.
[0-0] `browser` object has only `capabilities` and some flags like `isMobile`.
[0-0] Helper files that use other `browser` commands have to be moved to 
`before` hook.
[0-0] Spec file(s): 
file:///F:/theCaseWorkAutomationTestProject/test/specs/_inspectAddTaskModal.js
[0-0] Error: SyntaxError[ 
@F:\theCaseWorkAutomationTestProject\test\specs\_inspectAddTaskModal.js ]: 
Identifier 'expect' has already been declared
[0-0]     at compileSourceTextModule (node:internal/modules/esm/utils:318:16)
[0-0]     at ModuleLoader.moduleStrategy 
(node:internal/modules/esm/translators:99:18)
[0-0]     at #translate (node:internal/modules/esm/loader:473:20)
[0-0]     at afterLoad (node:internal/modules/esm/loader:529:29)
[0-0]     at ModuleLoader.loadAndTranslate 
(node:internal/modules/esm/loader:534:12)
[0-0]     at #getOrCreateModuleJobAfterResolve 
(node:internal/modules/esm/loader:577:36)
[0-0]     at afterResolve (node:internal/modules/esm/loader:625:52)
[0-0]     at ModuleLoader.getOrCreateModuleJob 
(node:internal/modules/esm/loader:631:12)
[0-0]     at onImport.tracePromise.__proto__ 
(node:internal/modules/esm/loader:650:32)
[0-0]     at TracingChannel.tracePromise (node:diagnostics_channel:350:14)
[0-0]     at MochaAdapter._loadFiles (F:\theCaseWorkAutomationTestProject\node_
modules\@wdio\mocha-framework\build\index.js:220:29)
[0-0]     at process.processTicksAndRejections 
(node:internal/process/task_queues:104:5)
[0-0]     at async MochaAdapter.init (F:\theCaseWorkAutomationTestProject\node_
modules\@wdio\mocha-framework\build\index.js:201:5)
[0-0]     at async Object.adapterFactory.init (F:\theCaseWorkAutomationTestProj
ect\node_modules\@wdio\mocha-framework\build\index.js:340:20)
[0-0]     at async #initFramework (file:///F:/theCaseWorkAutomationTestProject/
node_modules/@wdio/runner/build/index.js:783:33)
[0-0]     at async Runner.run (file:///F:/theCaseWorkAutomationTestProject/node
_modules/@wdio/runner/build/index.js:699:23)
[0-0]  Error:  Unable to load spec files quite likely because they rely on `browser` object that is not fully initialized.
`browser` object has only `capabilities` and some flags like `isMobile`.
Helper files that use other `browser` commands have to be moved to `before` hook.
Spec file(s): file:///F:/theCaseWorkAutomationTestProject/test/specs/_inspectAddTaskModal.js
Error: SyntaxError[ @F:\theCaseWorkAutomationTestProject\test\specs\_inspectAddTaskModal.js ]: Identifier 'expect' has already been declared
    at compileSourceTextModule (node:internal/modules/esm/utils:318:16)
    at ModuleLoader.moduleStrategy (node:internal/modules/esm/translators:99:18)
    at #translate (node:internal/modules/esm/loader:473:20)
    at afterLoad (node:internal/modules/esm/loader:529:29)
    at ModuleLoader.loadAndTranslate (node:internal/modules/esm/loader:534:12)
    at #getOrCreateModuleJobAfterResolve (node:internal/modules/esm/loader:577:36)
    at afterResolve (node:internal/modules/esm/loader:625:52)
    at ModuleLoader.getOrCreateModuleJob (node:internal/modules/esm/loader:631:12)
    at onImport.tracePromise.__proto__ (node:internal/modules/esm/loader:650:32)
    at TracingChannel.tracePromise (node:diagnostics_channel:350:14)
[0-0] 2026-04-10T01:56:33.674Z INFO webdriver: COMMAND deleteSession()
[0-0] 2026-04-10T01:56:33.674Z INFO webdriver: [DELETE] http://localhost:58800/session/6320790f8b0a91a9b423cfc722f82c8d
[0-0] 2026-04-10T01:56:33.813Z INFO webdriver: RESULT null
[0-0] 2026-04-10T01:56:33.813Z INFO webdriver: Close Bidi connection to ws://127.0.0.1:58800/session/6320790f8b0a91a9b423cfc722f82c8d
[0-0] 2026-04-10T01:56:33.814Z INFO webdriver: Kill driver process with PID 4060
[0-0] FAILED in chrome - file:///F:/theCaseWorkAutomationTestProject/test/specs/_inspectAddTaskModal.js
2026-04-10T01:56:33.943Z INFO @wdio/cli:launcher: Run onWorkerEnd hook

Spec Files:	 0 passed, 1 failed, 1 total (100% completed) in 00:00:02  

2026-04-10T01:56:33.944Z INFO @wdio/local-runner: Shutting down spawned worker
2026-04-10T01:56:34.201Z INFO @wdio/local-runner: Waiting for 0 to shut down gracefully
2026-04-10T01:56:34.201Z INFO @wdio/local-runner: shutting down
2026-04-10T01:56:34.201Z INFO @wdio/cli:launcher: Run onComplete hook
